{"timestamp": "2026-05-27T09:19:43.692122", "level": "INFO", "logger": "httpx", "message": "HTTP Request: GET http://testserver/health \"HTTP/1.1 200 OK\"", "module": "_client", "function": "_send_single_request", "line": 1025}
{"timestamp": "2026-05-27T09:19:43.720022", "level": "INFO", "logger": "httpx", "message": "HTTP Request: GET http://testserver/ \"HTTP/1.1 200 OK\"", "module": "_client", "function": "_send_single_request", "line": 1025}
{"timestamp": "2026-05-27T09:19:43.735234", "level": "INFO", "logger": "app.orchestrator", "message": "处理请求", "module": "orchestrator", "function": "process", "line": 32, "request_id": "10ba435a-3e1", "user_id": "test_user", "channel": "api"}
{"timestamp": "2026-05-27T09:19:43.844481", "level": "INFO", "logger": "httpx", "message": "HTTP Request: POST http://testserver/ask \"HTTP/1.1 200 OK\"", "module": "_client", "function": "_send_single_request", "line": 1025}
{"timestamp": "2026-05-27T09:19:43.848932", "level": "INFO", "logger": "app.orchestrator", "message": "处理请求", "module": "orchestrator", "function": "process", "line": 32, "request_id": "4f0cc4e0-971", "user_id": "test_user", "channel": "api"}
{"timestamp": "2026-05-27T09:19:44.016342", "level": "INFO", "logger": "httpx", "message": "HTTP Request: POST http://testserver/ask \"HTTP/1.1 200 OK\"", "module": "_client", "function": "_send_single_request", "line": 1025}
{"timestamp": "2026-05-27T09:19:44.030441", "level": "INFO", "logger": "app.orchestrator", "message": "处理请求", "module": "orchestrator", "function": "process", "line": 32, "request_id": "f708e101-029", "user_id": "test_user", "channel": "api"}
{"timestamp": "2026-05-27T09:19:44.204438", "level": "INFO", "logger": "httpx", "message": "HTTP Request: POST http://testserver/ask \"HTTP/1.1 200 OK\"", "module": "_client", "function": "_send_single_request", "line": 1025}
{"timestamp": "2026-05-27T09:19:44.208001", "level": "INFO", "logger": "httpx", "message": "HTTP Request: POST http://testserver/ask \"HTTP/1.1 422 Unprocessable Entity\"", "module": "_client", "function": "_send_single_request", "line": 1025}
{"timestamp": "2026-05-27T09:19:44.211137", "level": "INFO", "logger": "httpx", "message": "HTTP Request: POST http://testserver/ask \"HTTP/1.1 422 Unprocessable Entity\"", "module": "_client", "function": "_send_single_request", "line": 1025}
{"timestamp": "2026-05-27T09:29:32.501304+00:00", "level": "INFO", "logger": "httpx", "message": "HTTP Request: GET http://testserver/health \"HTTP/1.1 200 OK\"", "module": "_client", "function": "_send_single_request", "line": 1025}
{"timestamp": "2026-05-27T09:29:32.505440+00:00", "level": "INFO", "logger": "httpx", "message": "HTTP Request: GET http://testserver/ \"HTTP/1.1 200 OK\"", "module": "_client", "function": "_send_single_request", "line": 1025}
{"timestamp": "2026-05-27T09:29:32.508251+00:00", "level": "INFO", "logger": "app.orchestrator", "message": "处理请求", "module": "orchestrator", "function": "process", "line": 32, "request_id": "793c5a62-088", "user_id": "test_user", "channel": "api"}
{"timestamp": "2026-05-27T09:29:32.622774+00:00", "level": "INFO", "logger": "httpx", "message": "HTTP Request: POST http://testserver/ask \"HTTP/1.1 200 OK\"", "module": "_client", "function": "_send_single_request", "line": 1025}
{"timestamp": "2026-05-27T09:29:32.625443+00:00", "level": "INFO", "logger": "app.orchestrator", "message": "处理请求", "module": "orchestrator", "function": "process", "line": 32, "request_id": "c930cd14-2eb", "user_id": "test_user", "channel": "api"}
{"timestamp": "2026-05-27T09:29:32.795346+00:00", "level": "INFO", "logger": "httpx", "message": "HTTP Request: POST http://testserver/ask \"HTTP/1.1 200 OK\"", "module": "_client", "function": "_send_single_request", "line": 1025}
{"timestamp": "2026-05-27T09:29:32.799261+00:00", "level": "INFO", "logger": "app.orchestrator", "message": "处理请求", "module": "orchestrator", "function": "process", "line": 32, "request_id": "ca63762a-156", "user_id": "test_user", "channel": "api"}
{"timestamp": "2026-05-27T09:29:32.966100+00:00", "level": "INFO", "logger": "httpx", "message": "HTTP Request: POST http://testserver/ask \"HTTP/1.1 200 OK\"", "module": "_client", "function": "_send_single_request", "line": 1025}
{"timestamp": "2026-05-27T09:29:32.969909+00:00", "level": "INFO", "logger": "httpx", "message": "HTTP Request: POST http://testserver/ask \"HTTP/1.1 422 Unprocessable Entity\"", "module": "_client", "function": "_send_single_request", "line": 1025}
{"timestamp": "2026-05-27T09:29:32.973196+00:00", "level": "INFO", "logger": "httpx", "message": "HTTP Request: POST http://testserver/ask \"HTTP/1.1 422 Unprocessable Entity\"", "module": "_client", "function": "_send_single_request", "line": 1025}
{"timestamp": "2026-05-27T09:40:16.597876+00:00", "level": "INFO", "logger": "httpx", "message": "HTTP Request: GET http://testserver/health \"HTTP/1.1 200 OK\"", "module": "_client", "function": "_send_single_request", "line": 1025}
{"timestamp": "2026-05-27T09:40:16.602189+00:00", "level": "INFO", "logger": "httpx", "message": "HTTP Request: GET http://testserver/ \"HTTP/1.1 200 OK\"", "module": "_client", "function": "_send_single_request", "line": 1025}
{"timestamp": "2026-05-27T09:40:16.605632+00:00", "level": "INFO", "logger": "app.orchestrator", "message": "处理请求", "module": "orchestrator", "function": "process", "line": 32, "request_id": "1e0230c3-70b", "user_id": "test_user", "channel": "api"}
{"timestamp": "2026-05-27T09:40:16.708385+00:00", "level": "INFO", "logger": "httpx", "message": "HTTP Request: POST http://testserver/ask \"HTTP/1.1 200 OK\"", "module": "_client", "function": "_send_single_request", "line": 1025}
{"timestamp": "2026-05-27T09:40:16.711117+00:00", "level": "INFO", "logger": "app.orchestrator", "message": "处理请求", "module": "orchestrator", "function": "process", "line": 32, "request_id": "57acdefb-dcc", "user_id": "test_user", "channel": "api"}
{"timestamp": "2026-05-27T09:40:16.880757+00:00", "level": "INFO", "logger": "httpx", "message": "HTTP Request: POST http://testserver/ask \"HTTP/1.1 200 OK\"", "module": "_client", "function": "_send_single_request", "line": 1025}
{"timestamp": "2026-05-27T09:40:16.883643+00:00", "level": "INFO", "logger": "app.orchestrator", "message": "处理请求", "module": "orchestrator", "function": "process", "line": 32, "request_id": "b7d037f8-142", "user_id": "test_user", "channel": "api"}
{"timestamp": "2026-05-27T09:40:17.050914+00:00", "level": "INFO", "logger": "httpx", "message": "HTTP Request: POST http://testserver/ask \"HTTP/1.1 200 OK\"", "module": "_client", "function": "_send_single_request", "line": 1025}
{"timestamp": "2026-05-27T09:40:17.056154+00:00", "level": "INFO", "logger": "httpx", "message": "HTTP Request: POST http://testserver/ask \"HTTP/1.1 422 Unprocessable Entity\"", "module": "_client", "function": "_send_single_request", "line": 1025}
{"timestamp": "2026-05-27T09:40:17.058802+00:00", "level": "INFO", "logger": "httpx", "message": "HTTP Request: POST http://testserver/ask \"HTTP/1.1 422 Unprocessable Entity\"", "module": "_client", "function": "_send_single_request", "line": 1025}
{"timestamp": "2026-05-27T09:42:28.982837+00:00", "level": "INFO", "logger": "app.orchestrator", "message": "处理请求", "module": "orchestrator", "function": "process", "line": 32, "request_id": "9ee57934-c10", "user_id": "u", "channel": "api"}
{"timestamp": "2026-05-27T09:42:29.097919+00:00", "level": "INFO", "logger": "httpx", "message": "HTTP Request: POST http://testserver/ask \"HTTP/1.1 200 OK\"", "module": "_client", "function": "_send_single_request", "line": 1025}
{"timestamp": "2026-05-27T09:42:29.100105+00:00", "level": "INFO", "logger": "app.orchestrator", "message": "处理请求", "module": "orchestrator", "function": "process", "line": 32, "request_id": "3c2576d9-674", "user_id": "u", "channel": "api"}
{"timestamp": "2026-05-27T09:42:29.269410+00:00", "level": "INFO", "logger": "httpx", "message": "HTTP Request: POST http://testserver/ask \"HTTP/1.1 200 OK\"", "module": "_client", "function": "_send_single_request", "line": 1025}
{"timestamp": "2026-05-27T09:48:36.804580+00:00", "level": "INFO", "logger": "httpx", "message": "HTTP Request: GET http://testserver/health \"HTTP/1.1 200 OK\"", "module": "_client", "function": "_send_single_request", "line": 1025}
{"timestamp": "2026-05-27T09:48:36.809601+00:00", "level": "INFO", "logger": "httpx", "message": "HTTP Request: GET http://testserver/ \"HTTP/1.1 200 OK\"", "module": "_client", "function": "_send_single_request", "line": 1025}
{"timestamp": "2026-05-27T09:48:36.813001+00:00", "level": "INFO", "logger": "app.orchestrator", "message": "处理请求", "module": "orchestrator", "function": "process", "line": 32, "request_id": "ae3b34b9-161", "user_id": "test_user", "channel": "api"}
{"timestamp": "2026-05-27T09:48:36.930586+00:00", "level": "INFO", "logger": "httpx", "message": "HTTP Request: POST http://testserver/ask \"HTTP/1.1 200 OK\"", "module": "_client", "function": "_send_single_request", "line": 1025}
{"timestamp": "2026-05-27T09:48:36.933269+00:00", "level": "INFO", "logger": "app.orchestrator", "message": "处理请求", "module": "orchestrator", "function": "process", "line": 32, "request_id": "89340994-ea2", "user_id": "test_user", "channel": "api"}
{"timestamp": "2026-05-27T09:48:37.102593+00:00", "level": "INFO", "logger": "httpx", "message": "HTTP Request: POST http://testserver/ask \"HTTP/1.1 200 OK\"", "module": "_client", "function": "_send_single_request", "line": 1025}
{"timestamp": "2026-05-27T09:48:37.105794+00:00", "level": "INFO", "logger": "app.orchestrator", "message": "处理请求", "module": "orchestrator", "function": "process", "line": 32, "request_id": "668d595e-8e4", "user_id": "test_user", "channel": "api"}
{"timestamp": "2026-05-27T09:48:37.276927+00:00", "level": "INFO", "logger": "httpx", "message": "HTTP Request: POST http://testserver/ask \"HTTP/1.1 200 OK\"", "module": "_client", "function": "_send_single_request", "line": 1025}
{"timestamp": "2026-05-27T09:48:37.279698+00:00", "level": "INFO", "logger": "app.orchestrator", "message": "处理请求", "module": "orchestrator", "function": "process", "line": 32, "request_id": "0667911a-dc5", "user_id": "test_user", "channel": "api"}
{"timestamp": "2026-05-27T09:48:37.449973+00:00", "level": "INFO", "logger": "httpx", "message": "HTTP Request: POST http://testserver/ask \"HTTP/1.1 200 OK\"", "module": "_client", "function": "_send_single_request", "line": 1025}
{"timestamp": "2026-05-27T09:48:37.455249+00:00", "level": "INFO", "logger": "httpx", "message": "HTTP Request: POST http://testserver/ask \"HTTP/1.1 422 Unprocessable Entity\"", "module": "_client", "function": "_send_single_request", "line": 1025}
{"timestamp": "2026-05-27T09:48:37.482229+00:00", "level": "INFO", "logger": "httpx", "message": "HTTP Request: POST http://testserver/ask \"HTTP/1.1 422 Unprocessable Entity\"", "module": "_client", "function": "_send_single_request", "line": 1025}
{"timestamp": "2026-05-27T09:48:37.486209+00:00", "level": "INFO", "logger": "httpx", "message": "HTTP Request: POST http://testserver/ask \"HTTP/1.1 422 Unprocessable Entity\"", "module": "_client", "function": "_send_single_request", "line": 1025}
{"timestamp": "2026-05-27T09:48:52.218909+00:00", "level": "INFO", "logger": "httpx", "message": "HTTP Request: POST http://testserver/ask \"HTTP/1.1 422 Unprocessable Entity\"", "module": "_client", "function": "_send_single_request", "line": 1025}
{"timestamp": "2026-05-27T09:48:52.221444+00:00", "level": "INFO", "logger": "app.orchestrator", "message": "处理请求", "module": "orchestrator", "function": "process", "line": 32, "request_id": "e5e84105-d67", "user_id": "u", "channel": "api"}
{"timestamp": "2026-05-27T09:48:52.386975+00:00", "level": "INFO", "logger": "httpx", "message": "HTTP Request: POST http://testserver/ask \"HTTP/1.1 200 OK\"", "module": "_client", "function": "_send_single_request", "line": 1025}
{"timestamp": "2026-05-27T09:48:52.388823+00:00", "level": "INFO", "logger": "app.orchestrator", "message": "处理请求", "module": "orchestrator", "function": "process", "line": 32, "request_id": "d8748a5c-5f2", "user_id": "u", "channel": "api"}
{"timestamp": "2026-05-27T09:48:52.496188+00:00", "level": "INFO", "logger": "httpx", "message": "HTTP Request: POST http://testserver/ask \"HTTP/1.1 200 OK\"", "module": "_client", "function": "_send_single_request", "line": 1025}
